
========================================================================
1/3 Detect market regime
========================================================================
====================================================================
راصد — Market Regime Detector
====================================================================
📊 الحالة: عرضي (SIDEWAYS)
📈 متوسط التغير: 0.039%
🟢 نسبة الصعود: 44.7%
⚡ التشتت: 1.563
🎯 MIN_SIGNAL_SCORE: 81
📝 السبب: متوسط قريب من الصفر 0.04% واتساع متوازن 44.7%
✅ Saved: /home/runner/work/modareb-auto-posting/modareb-auto-posting/data/market_regime.json
✅ Saved: /home/runner/work/modareb-auto-posting/modareb-auto-posting/data/market_regime.env

========================================================================
RASED — Regime-Aware Signal Pipeline v10.1
========================================================================
📊 MARKET_REGIME=SIDEWAYS
🎯 MIN_SIGNAL_SCORE=81
⚖️ MIN_RR=2
💧 MIN_VOLUME_RATIO=1
📉 RSI=42..70
🔥 MAX_OVERBOUGHT_RSI=70
🧪 BACKTEST HARD REJECT=35% at 4 trades
🛡 QUALITY_MIN_RASED_SCORE=82
🛡 QUALITY_MIN_RR=2
🛡 QUALITY_MAX_RSI=70
🛡 QUALITY_MAX_SIGNALS=3
========================================================================

========================================================================
2/3 Generate signals
========================================================================
============================================================
🚀 راصد — Sahmk Starter Plus Signal Engine
============================================================
🧠 Self-learning loaded: 0 outcomes
⚠️ 1120: TP1% 2.14% أقل من الحد الأدنى للإشارة العادية 3.5%
— 1120: لا يطابق فلاتر راصد
⚠️ 2222: الترند غير مناسب
— 2222: لا يطابق فلاتر راصد
⚠️ 2380: فجوة الدخول 5.49% أكبر من 4.5%
— 2380: لا يطابق فلاتر راصد
⚠️ 1180: TP1% 2.22% أقل من الحد الأدنى للإشارة العادية 3.5%
— 1180: لا يطابق فلاتر راصد
⚠️ 8311: RSI 72.73 خارج النطاق 42.0-70.0
— 8311: لا يطابق فلاتر راصد
⚠️ 4030: RSI 81.89 خارج النطاق 42.0-70.0
— 4030: لا يطابق فلاتر راصد
⚠️ 2083: RSI 74.08 خارج النطاق 42.0-70.0
— 2083: لا يطابق فلاتر راصد
⚠️ 4261: الترند غير مناسب
— 4261: لا يطابق فلاتر راصد
⚠️ 1211: RSI 82.69 خارج النطاق 42.0-70.0
— 1211: لا يطابق فلاتر راصد
⚠️ 2082: الترند غير مناسب
— 2082: لا يطابق فلاتر راصد
⚠️ 7203: الترند غير مناسب
— 7203: لا يطابق فلاتر راصد
⚠️ 2010: الترند غير مناسب
— 2010: لا يطابق فلاتر راصد
⚠️ 8010: فجوة الدخول 5.25% أكبر من 4.5%
— 8010: لا يطابق فلاتر راصد
⚠️ 2200: Volume 0.43x أقل من 1.0x
— 2200: لا يطابق فلاتر راصد
⚠️ 2381: RSI 82.11 خارج النطاق 42.0-70.0
— 2381: لا يطابق فلاتر راصد
⚠️ 2382: Volume 0.19x أقل من 1.0x
— 2382: لا يطابق فلاتر راصد
✅ 7204: Premium | RASED 82.5 | TP1 +4.2% | TP2 +5.79%
⚠️ 1810: فجوة الدخول 5.5% أكبر من 4.5%
— 1810: لا يطابق فلاتر راصد
⚠️ 1303: فجوة الدخول 5.11% أكبر من 4.5%
— 1303: لا يطابق فلاتر راصد
⚠️ 1322: Volume 0.13x أقل من 1.0x
— 1322: لا يطابق فلاتر راصد
⚠️ 4002: TP1% 3.27% أقل من الحد الأدنى للإشارة العادية 3.5%
— 4002: لا يطابق فلاتر راصد
⚠️ 4260: RSI 80.21 خارج النطاق 42.0-70.0
— 4260: لا يطابق فلاتر راصد
⚠️ 2084: الترند غير مناسب
— 2084: لا يطابق فلاتر راصد
⚠️ 1302: Volume 0.35x أقل من 1.0x
— 1302: لا يطابق فلاتر راصد
⚠️ 4001: الترند غير مناسب
— 4001: لا يطابق فلاتر راصد
⚠️ 4190: TP1% 3.15% أقل من الحد الأدنى للإشارة العادية 3.5%
— 4190: لا يطابق فلاتر راصد
⚠️ 4191: TP1% 3.11% أقل من الحد الأدنى للإشارة العادية 3.5%
— 4191: لا يطابق فلاتر راصد
⚠️ 1212: TP1% 3.08% أقل من الحد الأدنى للإشارة العادية 3.5%
— 1212: لا يطابق فلاتر راصد
⚠️ 6010: TP1% 2.92% أقل من الحد الأدنى للإشارة العادية 3.5%
— 6010: لا يطابق فلاتر راصد
⚠️ 8060: فجوة الدخول 6.84% أكبر من 4.5%
— 8060: لا يطابق فلاتر راصد
⚠️ 1301: Volume 0.39x أقل من 1.0x
— 1301: لا يطابق فلاتر راصد
⚠️ 4007: الترند غير مناسب
— 4007: لا يطابق فلاتر راصد
⚠️ 4003: الترند غير مناسب
— 4003: لا يطابق فلاتر راصد
⚠️ 4031: TP1% 3.44% أقل من الحد الأدنى للإشارة العادية 3.5%
— 4031: لا يطابق فلاتر راصد
⚠️ 4262: RSI 70.83 خارج النطاق 42.0-70.0
— 4262: لا يطابق فلاتر راصد
⚠️ 6004: Volume 0.09x أقل من 1.0x
— 6004: لا يطابق فلاتر راصد
⚠️ 4164: الترند غير مناسب
— 4164: لا يطابق فلاتر راصد
⚠️ 7030: TP1% 1.42% أقل من الحد الأدنى للإشارة العادية 3.5%
— 7030: لا يطابق فلاتر راصد
⚠️ 4005: Volume 0.09x أقل من 1.0x
— 4005: لا يطابق فلاتر راصد
⚠️ 4321: TP1% 2.77% أقل من الحد الأدنى للإشارة العادية 3.5%
— 4321: لا يطابق فلاتر راصد
⚠️ 4004: الترند غير مناسب
— 4004: لا يطابق فلاتر راصد
⚠️ 1832: TP1% 3.41% أقل من الحد الأدنى للإشارة العادية 3.5%
— 1832: لا يطابق فلاتر راصد
⚠️ 4194: قيمة التداول 360,264 أقل من 400,000
— 4194: لا يطابق فلاتر راصد
⚠️ 4011: قيمة التداول 295,776 أقل من 400,000
— 4011: لا يطابق فلاتر راصد
⚠️ 2286: قيمة التداول 247,691 أقل من 400,000
— 2286: لا يطابق فلاتر راصد

✅ Generated 1 Sahmk Starter Plus signals

========================================================================
3/3 Apply RASED Quality Gate v10
========================================================================
❌ 7204: TP2 5.79% أقل من 6.00% | فجوة الدخول 3.91% أعلى من 3.00%
====================================================================
RASED QUALITY GATE: 0 approved / 1 input
====================================================================

========================================================================
✅ RASED signal pipeline completed successfully
========================================================================
